Starting smoke test for test_b3dfa4ec@example.com
--- Registering User ---
Register response: 201 {
  message: 'Registration successful. Please check your email for verification.',
  user: {
    id: '6a8cd8c8-99a9-4a54-a277-eeb9cf4b6986',
    email: 'test_b3dfa4ec@example.com'
  }
}
--- Verifying Email ---
Verify response: 200 { message: 'Email verified successfully. You can now log in.' }
--- Testing Brute Force Protection (5 fails) ---
Failed login attempt 1: 401 { error: 'Invalid credentials' }
Failed login attempt 2: 401 { error: 'Invalid credentials' }
Failed login attempt 3: 401 { error: 'Invalid credentials' }
Failed login attempt 4: 401 { error: 'Invalid credentials' }
Failed login attempt 5: 401 { error: 'Invalid credentials' }
--- Testing Locked Account ---
Locked login response: 401 {
  error: 'Account locked due to multiple failed attempts. Please try again in 15 minutes.'
}
--- Testing Successful Login ---
Login response: 401 {
  error: 'Account locked due to multiple failed attempts. Please try again in 15 minutes.'
}
--- Testing Protected Route (Trade) without Token ---
Trade without token: 401 {"error":"Access denied. No token provided."}
--- Testing Protected Route (Trade) with Token ---
Trade with token: 403 {"error":"Invalid token."}
